--------------------------------------------------------------------------------------------------------
      name:  <unnamed>
       log:  E:\analyses\opensafely-ics-research\analysis\copd_log\05_an_descriptive_plots_copd.log
  log type:  text
 opened on:  20 May 2020, 11:17:53

. 
. * Open Stata dataset
. use $tempdir\analysis_dataset_STSET_cpnsdeath, clear

. 
. /* Sense check outcomes=======================================================*/ 
. tab exposure cpnsdeath

                      |   Failure/censoring
                      |     indicator for
                      |  outcome: CPNS covid
       COPD Treatment |         death
             Exposure |         0          1 |     Total
----------------------+----------------------+----------
LABA/LAMA Combination |    43,237         56 |    43,293 
      ICS Combination |   105,076        214 |   105,290 
----------------------+----------------------+----------
                Total |   148,313        270 |   148,583 

. 
. /* Generate KM PLOT===========================================================*/ 
. 
. count if exposure != .u
  148,583

. noi display "RUNNING THE KM PLOT FOR `r(N)' PEOPLE WITH NON-MISSING EXPOSURE"
RUNNING THE KM PLOT FOR 148583 PEOPLE WITH NON-MISSING EXPOSURE

. 
. sts graph, by(exposure) failure                                                                       
>           ///     
>                    title("Time to Hospital COVID-19 death, $population population", justification(left
> ) size(medsmall) )           ///
>                    xtitle("Days since 1 Mar 2020", size(small))                                       
>   ///
>                    yscale(range(0, 0.005))                                                            
>                           ///
>                    ylabel(0 (0.005) 0.02, angle(0) format(%4.3f) labsize(small))        ///
>                    xscale(range(30, 84))                                                              
>                           ///
>                    xlabel(0 (20) 100, labsize(small))                                                 
>           ///                             
>                    legend(size(vsmall) label(1 "LABA/LAMA Combination") label (2 "ICS Combination") re
> gion(lwidth(none)) order(2 1) position(12))       ///
>                    graphregion(fcolor(white)) ///       
>                    risktable(,size(vsmall) order (1 "LABA/LAMA Combination" 2 "ICS Combination") title
> (,size(vsmall))) ///
>                    saving(kmplot1, replace) 

         failure _d:  cpnsdeath
   analysis time _t:  (stime_cpnsdeath-origin)
             origin:  time enter_date
  enter on or after:  time enter_date
                 id:  patient_id
(note: file kmplot1.gph not found)
(file kmplot1.gph saved)
(file kmplot1.gph saved)

. 
. graph export "$outdir/kmplot1.svg", as(svg) replace
(file copd_output/kmplot1.svg written in SVG format)

. 
. * Close window 
. graph close

. 
. * Delete unneeded graphs
. erase kmplot1.gph

. 
. * Close log file 
. log close
      name:  <unnamed>
       log:  E:\analyses\opensafely-ics-research\analysis\copd_log\05_an_descriptive_plots_copd.log
  log type:  text
 closed on:  20 May 2020, 11:17:59
--------------------------------------------------------------------------------------------------------
