-----------------------------------------------------------------------------------------------------------------------------------------------------------------------------------------------------
      name:  <unnamed>
       log:  E:\analyses\opensafely-ics-research\analysis\copd_log_sens2\05_an_descriptive_plots_copd.log
  log type:  text
 opened on:   9 Jun 2020, 11:41:25

. 
. * Open Stata dataset
. use $tempdir\analysis_dataset_STSET_$outcome, clear

. 
. /* Sense check outcomes=======================================================*/ 
. tab exposure $outcome

                      |   Failure/censoring
                      |     indicator for
                      |     outcome: ONS
       COPD Treatment |    non-covid death
             Exposure |         0          1 |     Total
----------------------+----------------------+----------
LABA/LAMA Combination |    42,974        304 |    43,278 
      ICS Combination |   104,237        973 |   105,210 
----------------------+----------------------+----------
                Total |   147,211      1,277 |   148,488 

. 
. /* Generate KM PLOT===========================================================*/ 
. 
. count if exposure != .u
  148,488

. noi display "RUNNING THE KM PLOT FOR `r(N)' PEOPLE WITH NON-MISSING EXPOSURE"
RUNNING THE KM PLOT FOR 148488 PEOPLE WITH NON-MISSING EXPOSURE

. 
. sts graph, by(exposure) failure                                                                                 ///     
>                    title("Time to $tableoutcome, $population population", justification(left) size(medsmall) )             ///
>                    xtitle("Days since 1 Mar 2020", size(small))                                         ///
>                    yscale(range(0, $ymax))                                                                                      ///
>                    ylabel(0 ($ymax) 0.01, angle(0) format(%4.3f) labsize(small))        ///
>                    xscale(range(30, 84))                                                                                        ///
>                    xlabel(0 (20) 100, labsize(small))                                                           ///                             
>                    legend(size(vsmall) label(1 "LABA/LAMA Combination") label (2 "ICS Combination") region(lwidth(none)) order(2 1) position(12))       ///
>                    graphregion(fcolor(white)) ///       
>                    risktable(,size(vsmall) order (1 "LABA/LAMA Combination" 2 "ICS Combination") title(,size(vsmall))) ///
>                    saving(kmplot1, replace) 

         failure _d:  onsnoncoviddeath
   analysis time _t:  (stime_onsnoncoviddeath-origin)
             origin:  time enter_date
  enter on or after:  time enter_date
                 id:  patient_id
(note: file kmplot1.gph not found)
(file kmplot1.gph saved)
(file kmplot1.gph saved)

. 
. graph export "$outdir/kmplot1.svg", as(svg) replace
(file copd_output_sens2/kmplot1.svg written in SVG format)

. 
. * Close window 
. graph close

. 
. * Delete unneeded graphs
. erase kmplot1.gph

. 
. * Close log file 
. log close
      name:  <unnamed>
       log:  E:\analyses\opensafely-ics-research\analysis\copd_log_sens2\05_an_descriptive_plots_copd.log
  log type:  text
 closed on:   9 Jun 2020, 11:41:32
-----------------------------------------------------------------------------------------------------------------------------------------------------------------------------------------------------
