--------------------------------------------------------------------------------------------------------
      name:  <unnamed>
       log:  E:\analyses\opensafely-ics-research\analysis\copd_log_sens2\06_an_models_copd.log
  log type:  text
 opened on:   8 Jun 2020, 09:24:48

. 
. * Open Stata dataset
. use $tempdir\analysis_dataset_STSET_$outcome, clear

. 
. /* Sense check outcomes=======================================================*/ 
. 
. tab exposure $outcome, missing row

+----------------+
| Key            |
|----------------|
|   frequency    |
| row percentage |
+----------------+

                      |   Failure/censoring
                      |     indicator for
                      |     outcome: ONS
       COPD Treatment |    non-covid death
             Exposure |         0          1 |     Total
----------------------+----------------------+----------
LABA/LAMA Combination |    42,974        304 |    43,278 
                      |     99.30       0.70 |    100.00 
----------------------+----------------------+----------
      ICS Combination |   104,237        973 |   105,210 
                      |     99.08       0.92 |    100.00 
----------------------+----------------------+----------
                Other |   142,308      1,009 |   143,317 
                      |     99.30       0.70 |    100.00 
----------------------+----------------------+----------
                Total |   289,519      2,286 |   291,805 
                      |     99.22       0.78 |    100.00 

. 
. /* Main Model=================================================================*/
. 
. /* Univariable model */ 
. 
. stcox i.exposure 

         failure _d:  onsnoncoviddeath
   analysis time _t:  (stime_onsnoncoviddeath-origin)
             origin:  time enter_date
  enter on or after:  time enter_date
                 id:  patient_id

Iteration 0:   log likelihood = -15200.189
Iteration 1:   log likelihood = -15190.938
Iteration 2:   log likelihood = -15190.906
Iteration 3:   log likelihood = -15190.906
Refining estimates:
Iteration 0:   log likelihood = -15190.906

Cox regression -- Breslow method for ties

No. of subjects =      148,488                  Number of obs    =     148,488
No. of failures =        1,277
Time at risk    =      9747598
                                                LR chi2(1)       =       18.57
Log likelihood  =   -15190.906                  Prob > chi2      =      0.0000

----------------------------------------------------------------------------------
              _t | Haz. Ratio   Std. Err.      z    P>|z|     [95% Conf. Interval]
-----------------+----------------------------------------------------------------
        exposure |
ICS Combination  |    1.31868   .0866446     4.21   0.000      1.15934     1.49992
----------------------------------------------------------------------------------

. estimates save ./$tempdir/univar, replace 
(note: file ./copd_tempdata_sens2/univar.ster not found)
file ./copd_tempdata_sens2/univar.ster saved

. 
. /* Multivariable models */ 
. 
. * Age and Gender 
. * Age fit as spline in first instance, categorical below 
. 
. stcox i.exposure i.male age1 age2 age3 

         failure _d:  onsnoncoviddeath
   analysis time _t:  (stime_onsnoncoviddeath-origin)
             origin:  time enter_date
  enter on or after:  time enter_date
                 id:  patient_id

Iteration 0:   log likelihood = -15200.189
Iteration 1:   log likelihood = -15049.903
Iteration 2:   log likelihood = -14858.724
Iteration 3:   log likelihood = -14852.103
Iteration 4:   log likelihood = -14852.079
Iteration 5:   log likelihood = -14852.079
Refining estimates:
Iteration 0:   log likelihood = -14852.079

Cox regression -- Breslow method for ties

No. of subjects =      148,488                  Number of obs    =     148,488
No. of failures =        1,277
Time at risk    =      9747598
                                                LR chi2(5)       =      696.22
Log likelihood  =   -14852.079                  Prob > chi2      =      0.0000

----------------------------------------------------------------------------------
              _t | Haz. Ratio   Std. Err.      z    P>|z|     [95% Conf. Interval]
-----------------+----------------------------------------------------------------
        exposure |
ICS Combination  |   1.253457   .0824045     3.44   0.001      1.10192    1.425834
          1.male |   1.338467   .0770722     5.06   0.000      1.19562     1.49838
            age1 |   1.055339   .0203552     2.79   0.005     1.016188    1.095998
            age2 |   1.004156    .036515     0.11   0.909     .9350785    1.078336
            age3 |   1.083655   .1605377     0.54   0.588     .8105695    1.448745
----------------------------------------------------------------------------------

. estimates save ./$tempdir/multivar1, replace 
(note: file ./copd_tempdata_sens2/multivar1.ster not found)
file ./copd_tempdata_sens2/multivar1.ster saved

. 
. * Age, Gender and Comorbidities 
. stcox i.exposure i.male age1 age2 age3 $varlist, strata(stp)                            

         failure _d:  onsnoncoviddeath
   analysis time _t:  (stime_onsnoncoviddeath-origin)
             origin:  time enter_date
  enter on or after:  time enter_date
                 id:  patient_id

Iteration 0:   log likelihood = -11166.155
Iteration 1:   log likelihood = -11009.767
Iteration 2:   log likelihood = -10826.216
Iteration 3:   log likelihood = -10820.221
Iteration 4:   log likelihood = -10820.201
Iteration 5:   log likelihood = -10820.201
Refining estimates:
Iteration 0:   log likelihood = -10820.201

Stratified Cox regr. -- Breslow method for ties

No. of subjects =      148,488                  Number of obs    =     148,488
No. of failures =        1,277
Time at risk    =      9747598
                                                LR chi2(5)       =      691.91
Log likelihood  =   -10820.201                  Prob > chi2      =      0.0000

----------------------------------------------------------------------------------
              _t | Haz. Ratio   Std. Err.      z    P>|z|     [95% Conf. Interval]
-----------------+----------------------------------------------------------------
        exposure |
ICS Combination  |   1.241862   .0827769     3.25   0.001     1.089773    1.415177
          1.male |   1.343144   .0774778     5.11   0.000      1.19956    1.503915
            age1 |   1.055226   .0203437     2.79   0.005     1.016097    1.095862
            age2 |   1.004568   .0365212     0.13   0.900     .9354781     1.07876
            age3 |   1.082144   .1603009     0.53   0.594     .8094579    1.446691
----------------------------------------------------------------------------------
                                                             Stratified by stp

.                                                                                 
. estimates save ./$tempdir/multivar2, replace 
(note: file ./copd_tempdata_sens2/multivar2.ster not found)
file ./copd_tempdata_sens2/multivar2.ster saved

. 
. /* MODEL CHANGES TO DO: 
> - Diabetes as severity, remove insulin 
> */ 
. 
. /* Print table================================================================*/ 
. *  Print the results for the main model 
. 
. cap file close tablecontent

. file open tablecontent using ./$outdir/table2.txt, write text replace
(note: file ./copd_output_sens2/table2.txt not found)

. 
. * Column headings 
. file write tablecontent ("Table 2: Association between current ICS use and $tableoutcome - $population
>  Population") _n

. file write tablecontent _tab ("N") _tab ("Univariable") _tab _tab ("Age/Sex Adjusted") _tab _tab ///
>                                                 ("Age/Sex and Comorbidity Adjusted") _tab _tab _n

. file write tablecontent _tab _tab ("HR") _tab ("95% CI") _tab ("HR") _tab ///
>                                                 ("95% CI") _tab ("HR") _tab ("95% CI") _n

. file write tablecontent ("Main Analysis") _n                                    

. 
. * Row headings 
. local lab0: label exposure 0

. local lab1: label exposure 1

.  
. /* Counts */
.  
. * First row, exposure = 0 (reference)
. 
.         cou if exposure == 0 
  43,278

.         local rowdenom = r(N)

.         cou if exposure == 0 & $outcome == 1
  304

.         local pct = 100*(r(N)/`rowdenom') 

.         
.         file write tablecontent ("`lab0'") _tab

.         file write tablecontent (r(N)) (" (") %3.1f (`pct') (")") _tab

.         file write tablecontent ("1.00 (ref)") _tab _tab ("1.00 (ref)") _tab _tab ("1.00 (ref)") _n

.         
. * Second row, exposure = 1 (comparator)
. 
. file write tablecontent ("`lab1'") _tab  

. 
.         cou if exposure == 1 
  105,210

.         local rowdenom = r(N)

.         cou if exposure == 1 & $outcome == 1
  973

.         local pct = 100*(r(N)/`rowdenom') 

.         file write tablecontent (r(N)) (" (") %3.1f (`pct') (")") _tab

. 
. /* Main Model */ 
. estimates use ./$tempdir/univar 

. lincom 1.exposure, eform

 ( 1)  1.exposure = 0

------------------------------------------------------------------------------
          _t |     exp(b)   Std. Err.      z    P>|z|     [95% Conf. Interval]
-------------+----------------------------------------------------------------
         (1) |    1.31868   .0866446     4.21   0.000      1.15934     1.49992
------------------------------------------------------------------------------

. file write tablecontent %4.2f (r(estimate)) _tab %4.2f (r(lb)) (" - ") %4.2f (r(ub)) _tab 

. 
. estimates use ./$tempdir/multivar1 

. lincom 1.exposure, eform

 ( 1)  1.exposure = 0

------------------------------------------------------------------------------
          _t |     exp(b)   Std. Err.      z    P>|z|     [95% Conf. Interval]
-------------+----------------------------------------------------------------
         (1) |   1.253457   .0824045     3.44   0.001      1.10192    1.425834
------------------------------------------------------------------------------

. file write tablecontent %4.2f (r(estimate)) _tab %4.2f (r(lb)) (" - ") %4.2f (r(ub)) _tab 

. 
. estimates use ./$tempdir/multivar2 

. lincom 1.exposure, eform

 ( 1)  1.exposure = 0

------------------------------------------------------------------------------
          _t |     exp(b)   Std. Err.      z    P>|z|     [95% Conf. Interval]
-------------+----------------------------------------------------------------
         (1) |   1.241862   .0827769     3.25   0.001     1.089773    1.415177
------------------------------------------------------------------------------

. file write tablecontent %4.2f (r(estimate)) _tab %4.2f (r(lb)) (" - ") %4.2f (r(ub)) _n 

. 
. 
. file write tablecontent _n

. file close tablecontent

. 
. * Close log file 
. log close
      name:  <unnamed>
       log:  E:\analyses\opensafely-ics-research\analysis\copd_log_sens2\06_an_models_copd.log
  log type:  text
 closed on:   8 Jun 2020, 09:25:01
--------------------------------------------------------------------------------------------------------
