--------------------------------------------------------------------------------------------------------
      name:  <unnamed>
       log:  E:\analyses\opensafely-ics-research\analysis\asthma_log\05_an_descriptive_plots.log
  log type:  text
 opened on:  20 May 2020, 11:24:06

. 
. * Open Stata dataset
. use $tempdir\analysis_dataset_STSET_cpnsdeath, clear

. 
. /* Sense check outcomes=======================================================*/ 
. tab exposure cpnsdeath

                      |   Failure/censoring
                      |     indicator for
                      |  outcome: CPNS covid
     Asthma Treatment |         death
             Exposure |         0          1 |     Total
----------------------+----------------------+----------
            SABA only |   108,551         32 |   108,583 
ICS (Low/Medium Dose) |   609,239        235 |   609,474 
      ICS (High Dose) |   101,037         67 |   101,104 
----------------------+----------------------+----------
                Total |   818,827        334 |   819,161 

. 
. /* Generate KM PLOT===========================================================*/ 
. 
. count if exposure != .u
  819,161

. noi display "RUNNING THE KM PLOT FOR `r(N)' PEOPLE WITH NON-MISSING EXPOSURE"
RUNNING THE KM PLOT FOR 819161 PEOPLE WITH NON-MISSING EXPOSURE

. 
. sts graph, by(exposure) failure                                                                       
>           ///     
>                    title("Time to Hospital COVID-19 death, $population population", justification(left
> ) size(medsmall) )           ///
>                    xtitle("Days since 1 Mar 2020", size(small))                                       
>   ///
>                    yscale(range(0, 0.005))                                                            
>                           ///
>                    ylabel(0 (0.005) 0.02, angle(0) format(%4.3f) labsize(small))        ///
>                    xscale(range(30, 84))                                                              
>                           ///
>                    xlabel(0 (20) 100, labsize(small))                                                 
>           ///                             
>                    legend(size(vsmall) label(1 "SABA only") label (2 "ICS (Low/Medium Dose)") label (3
>  "ICS (High Dose)")region(lwidth(none)) position(12))     ///
>                    graphregion(fcolor(white)) ///       
>                    risktable(,size(vsmall) order (1 "SABA only" 2 "ICS (Low/Medium Dose)" 3 "ICS (High
>  Dose)") title(,size(vsmall))) ///
>                    saving(kmplot1, replace)

         failure _d:  cpnsdeath
   analysis time _t:  (stime_cpnsdeath-origin)
             origin:  time enter_date
  enter on or after:  time enter_date
                 id:  patient_id
(note: file kmplot1.gph not found)
(file kmplot1.gph saved)
(file kmplot1.gph saved)

. 
. graph export "$outdir/kmplot1.svg", as(svg) replace
(file asthma_output/kmplot1.svg written in SVG format)

. 
. * Close window 
. graph close

. 
. * Delete unneeded graphs
. erase kmplot1.gph

. 
. * Close log file 
. log close
      name:  <unnamed>
       log:  E:\analyses\opensafely-ics-research\analysis\asthma_log\05_an_descriptive_plots.log
  log type:  text
 closed on:  20 May 2020, 11:24:31
--------------------------------------------------------------------------------------------------------
